[    0.000000] Linux version 4.15.0-58-generic (buildd@lcy01-amd64-013) (gcc version 7.4.0 (Ubuntu 7.4.0-1ubuntu1~18.04.1)) #64-Ubuntu SMP Tue Aug 6 11:12:41 UTC 2019 (Ubunt.15.0-58.64-generic 4.15.18)
[    0.000000] Command line: BOOT_IMAGE=/boot/vmlinuz-4.15.0-58-generic root=LABEL=cloudimrootfs ro console=tty1 console=ttyS0
[    0.000000] KERNEL supported cpus:
[    0.000000]   Intel GenuineIntel
[    0.000000]   AMD AuthenticAMD
[    0.000000]   Centaur CentaurHauls
[    0.000000] x86/fpu: Supporting XSAVE feature 001: 'x87 floating point registers'
[    0.000000] x86/fpu: Supporting XSAVE feature 0x002: 'SSE registers'
[    0.000000] x86/fpu: Supporting XSAVE feate0x004: 'AVX registers'
[    0.000000] x86/fpu: xstate_offset[2]:  576, xstate_sizes[2]:  256
[    0.000000] x86/fpu: Enabled xstate features 0x7, context size is 832 bytes, using 'standard' format.
[    0.000000] e820: BIOS-provided physical RAM map:
[    0.000000] BIOS-e820: [mem 0x0000000000000000-0x000000000009fbff] usable
[  0.000000] BIOS-e820: [mem 0x000000000009fc00-0x000000000009ffff] reserved
[    0.000000] BIOS-e820: [mem 0x00000000000f0000-0x00000000000fffff] reserved
[    0.000000] BIOS-e820: [mem 0x0000000000100000-0x000000003ffeffff] usable
[    0.000000] BIOS-e820: [mem 0x000000003fff0000-0x000000003fffffff] ACPI data
[    0.000000] BIOS-e820: [mem 0x00000000fec0-0x00000000fec00fff] reserved
[    0.000000] BIOS-e820: [mem 0x00000000fee00000-0x00000000fee00fff] reserved
[    0.000000] BIOS-e820: [mem 0x00000000fffc0000-0x00000000ffffffff] reserved
[    0.000000] X (Execute Disable) protection: ctive
[    0.000000] SMBIOS 2.5 present.
[    0.000000] DMI: innotek GmbH VirtualBox/VirtualBox, BIOS VirtualBox 12/01/2006
[    0.000000] Hypervisor detected: KVM
[    0.000000] e820: last_pfn = 0x3fff0 max_arch_pfn = 0x400000000
[    0.000000] MTRR: Disabled
[    0.000000] x86/PAT: MTRRs disabled, skippingAT initialization too.
[    0.000000] CPU MTRRs all blank - virtualized system.
[    0.000000] x86/PAT: Configuration [0-7]: WB  WT  UC- UC  WB  WT  UC- UC  
[    0.000000] found SMP MP-table at [mem 0x0009fff0-0x0009ffff] mapped at [        (ptrval)]
[    0.000000] Scanning 1 areas for low memory corruption
[    0.000000] RAMDISK: [mem 0x35a8f000-0x36d3efff][    0.000000] ACPI: Early table checksum verification disabled
[    0.000000] ACPI: RSDP 0x00000000000E0000 000024 (v02 VBOX  )
[    0.000000] ACPI: XSDT 0x000000003FFF0030 00003C (v01 VBOX   VBOXXSDT 00000001 ASL  00000061)
[    0.000000] ACPI: FACP 0x000000003FFF00F0 0000F4 (v04 VBOX   VBOXFACP 00000001 ASL  00000061)
[    0.000000] ACPI: DSDT 0x000000003FFF070 0022EA (v02 VBOX   VBOXBIOS 00000002 INTL 20100528)
[    0.000000] AC: FACS 0x000000003FFF0200 000040
[    0.000000] ACPI: FACS 0x000000003FFF0200 000040
[    0.000000] ACPI: APIC 0x000003FFF0240 00005C (v02 VBOX   VBOXAPIC 00000001 ASL  00000061)
[    0.000000] ACPI: SSDT 0x000000003FFF02A0 0001CC (v01 VBOX   VBOXCPUT 0000002 INTL 20100528)
[    0.000000] No NUMA configuration found
[    0.000000] Faking a node at [mem 0x0000000000000000-0x000000003ffeffff]
[    0.000000] NODE_DATA(0) allocated [mem 0x3ffc5000-0x3ffeffff]
[    0.000000] kvm-clock: cpu 0, msr 0:3ff44001, primary cpu clock
[    0.000000] kvm-clock: ing msrs 4b564d01 and 4b564d00
[    0.000000] kvm-clock: using sched offset of 11876517943 cycles
[    0.000000] clocksource: kvm-clock: mask: 0xffffffffffffffff max_cycles: 0x1cd42e4dffb, max_idle_ns: 881590591483 ns
[    0.000000] Zone ranges:
[  0.000000]   DMA      [mem 0x0000000000001000-0x0000000000ffffff]
[    0.000000]   DMA32    [mem 0x0000000001000000-0x000000003ffeffff]
[    0.000000]   Normal   empty
[    0.000000]   Device   empty
[    0.000000] Movable zone start for each node
[    0.000000] Early memory node ranges
[    0.000000]   node   e 0x0000000000001000-0x000000000009efff]
[    0.000000]   node  : [mem 0x0000000000100000-0x000000003ffeffff]
[    0.000000] Reserved but unavailable: 98 pages
[    0.000000] Initmem setup node 0 [mem 0x0000000000001000-0x000000003ffeffff]
[    0.000000] ACPI: PM-Timer IO Port: 0x4008
[    0.000000] IOAPIC[0]: apic_id 2, version 32, address 0xfec00000, GSI 0-23
[    0.00000] ACPI: INT_SRC_OVR (bus 0 bus_irq 0 global_irq 2 dfl dfl)
[    0.000000] ACPI: INT_SRC_OVR (bus 0 bus_irq 9 global_irq 9 low level)
[    0.000000] Using ACPI (MADT) for SMP configuration information
[    0.000000] smpboot: Allowing 2 CPUs, 0 hotplug CPUs
[    0.000000] PM: Registered nosave memory: [mem 0x000000-0x00000fff]
[    0.000000] PM: Registered nosave memory: [mem 0x0009f000-0x0009ffff]
[    0.000000] PM: Registered nosave memory: [mem 0x000a0000-0x000effff]
[    0.000000] PM: Registered nosave memory: [mem 0x000f0000-0x000fffff]
[    0.000000] e820: [mem 0x40000000-0xfebfffff] available for PCI devices
[    0.000000] Booting paravirtualized kernel on KVM
[    0.000000] clocksource: refined-jiffies: mask: 0fffffff max_cycles: 0xffffffff, max_idle_ns: 7645519600211568 ns
[    0.000000] random: get_random_bytes called from start_kernel+0x99/0x4fd with crng_init=0
[    0.000000] setup_percpu: NR_CPUS:8192 nr_cpumask_bits:2 nr_cpu_ids:2 ode_ids:1
[    0.000000] percpu: Embedded 46 pages/cpu @        (ptrval) s12 r8192 d28672 u1048576
[    0.000000] PV qspinlock hash table entries: 256 (order: 0, 4096 bytes)
[    0.000000] Built 1 zonelists, mobility grouping on.  Total pages: 257913
[    0.000000] Policy zone: DMA32
[    0.000000] Kernel command line: BOOTIMAGE=/boot/vmlinuz-4.15.0-58-generic root=LABEL=cloudimg-rootfs ro console=tty1 console=ttyS0
[    0.000000] Memory: 983460K/1048120K available (12300K kernel code, 2478K rwdata, 4280K rodata, 2424K init, 2384K bss, 64660K reserved, 0K cma-reserved)
[    0.000000] SLUB: HWalign=64, Order=0-3, MinObjects=0, CPUs=2, Nodes=1
[    0.000000] Kernel/User page tables isolation: enabled
[    0.000000] face: allocating 39243 entries in 154 pages
[    0.004000] Hierarchical RCU implementation.
[    0.004000] 	RCU restrictinCPUs from NR_CPUS=8192 to nr_cpu_ids=2.
[    0.004000] 	Tasks RCU enabled.
[    0.004000] RCU: Adjusting geometry for rcu_fanout_leaf=16, nr_cpu_ids=2
[    0.004000] NR_IRQS: 524544, nr_irqs: 440, preallocated irqs: 16
[    0.004000] Console: colour VGA+ 80x25
[    0.004000] console [tty1] enabled
[    0.004000] console [ttyS0] enabled
[    0.004000] ACPI: Core revision 20170831
[    0.004ACPI: 2 ACPI AML tables successfully acquired and loaded
[    .004000] APIC: Swit to symmetric I/O mode setup
[    0.004331] x2apic enabled
[    0.008008] Switched APIC routing to physical x2apic.
[    0.013909] ..TIMER: vector=0x30 apic1=0 pin1=2 apic2=-1 pin2=-1
[    0.016005] tsc: Detected 1800.000 MHz processor
[    0.020015] Calibrating delay loop (skipped) preset value.. 3600.00 BogoMIPS (lpj=7200000)
[    0.024010] pid_max: default: 32768 minimum: 301
[    0.028079] Security Framework initialized
[    0.032008] Yama: becoming mindful.
[    0.036053] AppArmor: AppArmor initialized
[    0.048084] Dentry cache hash table entries: 131072 (order: 8, 1048576 bytes)
[    0.052091] Inode-cache hash tae entries: 65536 (order: 7, 524288 bytes)
[    0.056046] Mount-cache hash table entries: 2048 (order: 2, 16384 bytes)
[    0.060021] Mountpoint-cac h table entri: 2048 (order: 2, 16384 bytes)
[    0.064332] mce: CPU supports 0 MCE banks
[    0.068027] Last level iTLB entries: 4KB 64, 2MB 8, 4MB 
[    0.072013] Last level dTLB entries: 4KB ,2MB 0, 4MB 0, 1GB 4
[    0.076011] Spectre V1 : Mitigation: usercopy/swapgs barriers and __user pointer sanitization
[    0.080007] Spectre V2 : Mitigation: Full gener retpoline
[    0.084009] Spectre V2 : Spectre v2 / SpectreRSB mitigation: Filling RSB on context switch
[    0.088007] Speculative Store Bypass: Vulnerable
[    0.092075] MDS: Mitigation: Clear CPU buffers
[   0.096206] Freeing SMP alternatives memory: 36K
[    0.104000] smpboot: CPU0: Intel(R) Core(TM) i5-8250U CPU@ 1.60GHz (family: 0x6, model: 0x8e, stepping: 0xa)
[    004171] Performance Evens unsupported p6 CPU model 142 no PMU driver, software events only.
[    0.108067] Hierarchical SRCU implentation.
[    0.116719] NMI watchdog: Perf event create on CPU 0 failewith -2
[    0.120010] NMI watchdog: Perf NMI watchdog permanently disabled
[    0.124104] smp: Bringing up secondary CPUs ...
[    0.128126] x86: Booting SMP configuration:
[    0.132006] .... node  #0, CPUs:      #1
    0.004000] kvm-clock: cpu 1, msr 0:3ff44041, secondary cpu clock
[    0.004000] mce: CPU supports 0 MCE banks
[    0.308032] smp: Brought up 1 node, 2 CPUs
[    0.312011] smpboot: Max logical packages: 1
[    0.316009] smpboot: Total of 2 processors activated (7200.00 BogoMIPS)
[  0.324007] devtmpfs: initialized
[    0.328131] x86/mm: Memory block size: 128MB
[    0.332245] evm: security.selinux
[    0.336008] evm: security.SMACK64
[    0.3] evm: securiy.SMACK64EXEC
[    0.344009] evm: serty.SMACK64TRANSMUTE
[    0.348008] evm: security.SMACK64MMAP
[    0.352008] evm: security.apparmor
[    0.356005] evm: security.ima
[    0.360008] evm: security.capability
[    0.3641] clocksource: jiffies: mask: 0xffffffff max_cycles: 0xffffffff, max_idle_ns: 7645041785100000 ns
[    0.368045] futex hash table entries: 512 (order: 3, 32768 bytes)
[    0.372100] pinctrl core: initialid pinctrl subsystem
[    0.380252] RTC time:  5:56:31, date: 08/21/19
[    0.388285] NET: Registered protocol family 16
[    0.392193] audit: initializing netlink subsys (disabled)
[    0.396070] audit: type=2000 audit(1566366993.440:1): stte=initialized audit_enabled=0 res=1
[    0.532015] cpuidle: using governor ladder
[    0.536020] cpuidle: using governor menu
[    0.540063] ACPI: bus type PCI registered
[    0.544010] acpiphp: ACPI Hot Plug PCI Controller Driver version: 0.5
[  0.552049] PCI: Using configuration type 1 for base access
[ 0.561762] HugeTLB registered 2.00 MiB page size, pre-allocated 0 pages
[   0.564141] ACPI: Added _OSI(Module Device)
[    0.568010] ACPI: Added _OSI(Processor Device)
[    0.572006] ACPI: Added _OSI(3.0 _SCP Extensions)
[    0.576010] ACPI: Added _OSI(Processor Aggregator Device)
[    0.580014] ACPI: Added _OSI(Linux-Dell-Video)
[    0.584018ACPI: Added _OSI(Linux-Lenovo-NV-HDMI-Audio)
[    0.588014] ACPI: Added _OSI(Linux-HPI-Hybrid-Graphics)
[    0.596454] ACPI: Executed 1 blocks of module-level executable AML code
[    0.607544] ACPI: Interpreter enabled
[    008030] ACPI: (supports S0 S5)
[    0.612009] ACPI: Using IOAPIC for interrupt routing
[    0.616686] PCI: Using host bridge windows from ACPI; if necessary, use "pci=nocrs" and report a bug
[    0.620317] ACPI: Enabled 2 GPEs in block 00 to 07
[    0.640635] ACPI: PCI Root Bridge [PCI0] (domain 0000 [bus 00-ff])
[    0.644025] acpi PNP0A03:00: _OSC: OS support[ASPM ClockPM Segments MSI]
[    0.648937] acpi PNP0A03:00: _OSC: not requesting OS control; OS requires [ExtendedConfig ASPM ClockPM MSI]
[    0.652035] acpi PNP0A03:00: fail to add MMCONFIG information, can't access extended PCI configuration space under this bridge.
[    0.656940] PCI host bridge to bus 0000:
[    0.660014] pci_bus 0000:00: root bus resource [io  0x0000-0x0cf7 window]
[    0.664014] pci_bus 0000:00: root bus resource [io  0x0d00-0xffff window]
[    0.668009] pci_bus 0000:00: ro bus resource [mem 0x000a0000-0x000bffff window]
[    0.672013] pci_bus 0000:00: root bus resource [mem 0x40000000-0xfdffffff window]
[    0.676019] pci_bus 0000:00: root bus resource [bus 00-ff]
[    0.687383] pci 0000:00:01.1: legacy IDE quirk: reg 0x10: [io  0x01f0-0x01f7]
[    0.688010] pci 0000:00:01.1: legacIDE quirk: reg 0x14: [io  0x03f6]
[    0.692015] pci 0000:00:01.1: legacy IDE quirk: reg 0x18: [io  0x0170-0x0177]
[    0.696010] pci 0000:00:01.1: legacy IDE quirk: reg 0x1c: [io  0x0376]
[   0.729938] pci 0000:00:07.0: quirk: [io  0x4000-0x403f] claimed by PIIX4 ACPI
[    0.732041] pci 0000:00:07.0: quirk: [io  0x4100-0x410f] claimed by PIIX4 SMB
[    0.749649] ACPI: PCI Interrupt Link [LNKA] (IRQs 5 9 10 *11)
[   0.752685] ACPI: PCI Interrupt LinNKB]IRQs 5 9 *10 11)
[    0.760298] ACPI: PCI Interrupt Link [LNKC] (IRQs 5 *9 10 11)
[    0.764209] ACPI: PCI Interrupt Link [LNKD] (IRQs 5 9 10 *11)
[    0.768576] SCSI subsystem initialized
[    0.772112] pci 0000:00:02.0: vgaarb: setting as boot VGA device
[    0.776000] pci 0000:00:02.0: vgaarb: VGA device added: decodes=io+mem,owns=io+mem,locks=none
[    0.776015] pci 0000:00:02.0: vga: bridge control possible
[    0.780007] vgaarb: loaded
[    0.784056] ACPI: bus type USB registered
[    0.788039] usbcore: registered new interface driver usbfs
[    0.792037] usbcore: registered new interface driver hub
[    0.796usbcore: registered new device driver usb
[    0.804021] EDAC MC: Ver: 3.0.0
[    0.8128] PCI: Using ACPI for IRQ routing
[    0.816685] NetLabel: Initializing
[    0.820010] NetLabel:  domain hash size = 128
[    0.824022] NetLabel:  protocols = UNLABELED CIPSOvCLIPSO
[    0.828052] NetLabel:  unlabeled traffic allowed by default
[    0.832100] clocksource: Switched to clocksource kvm-clock
[    0.913548VFS: Disk quotas dquot_6.6.0
[    1.008784] VFS: Dquot-cache hash table entries: 512 (order 0, 4096 bytes)
[    1.117946] AppArmr: AppArmor Filesystem Enabled
[    1.245242] pnp: PnP ACPI init
[    1.303886] pnp: PnP ACPI: found 3 devices
[    1.341442] clocksource: acpi_pm: mask: 0xffffff maxycles: 0xffffff, max_idle_ns: 2085701024 ns
[    1.510324] NET: Registered protocol family 2
[    1.551241] TCP established hash table entries: 8192 (order: 4, 65536 bytes)
[    1.610620] TCP bind hash table entries: 8192 (order: 5, 131072 bytes)
[  1.688303] TCP: Hash tables configured (established 8192 bind 8192)
[    1.803484] UDP hash table entries: 512 (order: 2, 16384 bytes)
[    1.878580] UDP-Lite hash table res: 512 (order: 2, 16384 bytes)
[    2.101624] NET: Registered protocol family 1
[    2.121794] pci 0000:0.0: Limiting direct PCI/PCI transfers
[    2.390559] pci 0000:00:00: Activating ISA DMA hang workarounds
[    2.505874] pci 0000:00:02.0: Video device with shadowed ROM at [mem 0x000c0000-0x000dffff]
[    2.569409] Unpacking initramfs...
[   3.449440] Freeing initrd memory: 19136K
[    3.521] clocksource: tsc: mask: 0xffffffffffffffff max_cycles: 0x19f2297dd97, max_idle_ns: 440795236593 ns
[    3.8039] platform rtc_cmos: registered platform RTC device (no PNP device found)
[    3.970876] Scanning for low memory corruption every 60 seconds
[    4.025172] Initialise system trustederings
[    4.210079] Key type blacklist registered
[    4.235401] workingset: timestamp_bits=36 max_order=18 bucket_order=0
[  4.315978] zbud: loaded
[    4.451233] squashfs: version 4.0 (2009/01/31) Phillip Lougher
[    4.503402] fuse init (API version 7.26)
[    4.557707] Key type asymmetric registered
[    4.586504] Asymmetc key parser 'x509' registered
[    4.754299] Block layer SCSI generic (bsg) driver version 0.4 loaded (major 246)
[    4.848330] io schedulero gistered
[    5.126470] io scduler deadline registered
[    5.275932] io scheduler cfq registered (default)
[    5.287556] ACPI: AC Adapter [AC] (off-line)
[    5.332833] input: Power Button as /devices/LNXSYSTM:00/LNXPWRBN:00/input/input0
[    5.361627] PI: Power Button [PWRF]
[    5.508070] input: Sleep Button as /devices/LNXSYSTM:00/LNXSLPBN:00/input/input1
[    5.554070] ACPI: Sleep Button [SLPF]
[    5.576708] Serial: 8250/16550 driver, 32 ports, IRQ sharing enabled
[  5.578115] ACPI: Battery Slot [BAT0] (battery present)
[    5.828137] 00:02: tS0 at I/O 0x3f8 (irq = 4, base_baud = 115200) is a 16550A
[    5.982834] Linux agpgart interface v0.103
[    6.044561] loop: module loaded
[  6.080165] scsi host0: ata_piix
[    6.208691] scsi host1: aix
[    6.483584] ata1: PATA max UD/33 cmd 0x1f0 ctl 0x3f6 bmdma 0xd000 irq 14
[    6.716188] ata2: PATA max UDMA/33 cmd 0x170 ctlx376 bmdma 0xd008 irq 15
[    6.864689] libphy: Fixed MDIO Bus: probed
[    6.900178] tun: Universal TUN/TAP device driver, 1.6
[    6.909500] PPP generic driver version 2.4.2
[    6.942607] ehchcd: USB 2.0 'Enhanced' Host Controller (EHCI) Driver
[    7.068046] ehci-pci: EHCI PCI platform driver
[    7.077957] ehci-platform: EHCI generic platform driver
[    7.117352] ohci_hcd: USB 1.1 'Open' Host Controller (OHC Driver
[    7.258015] ohci-pci: OHCI PCI platform driver
[    7.307305] ohci-platform: OHCI generic platform driver
[    7.318556] uhci_hcd: USB Universal Host Controller Interface driver
[    7.356947] i8042: PNP: PS/2 Controller [PNP0303:PS2K,PNP0f0PS2M] at 0x60,0x64 irq 1,12
[    7.464428] serio: i8042 KBD port at 0x60,0x64 irq 1
[    7.489132] serio: i8042 AUX port at 0x60,0x64 irq 12
[    7.499021] mousedev: PS/2 mouse device common for all mice
[    7.509991] input: AT Translated Set 2 keyboard as /devices/platform/i8042/serio0/input/input2
[    7.516639] rtc_cmos rtcm: rtc core: gistered rtc_cmos as rtc0
[    8861] rtc_cmos rtc_cmos: alarms up to one day, 114 bytes nvram
[    8.105482] i2c /dev entries driver
[    8.115098] device-mapper: uevent: version 1.0.3
[    8.149832] device-mapper: ioctl: 4.37.0-ioctl (2017-09-20) initialised: dm-devel@redhat.com
[  8.181191] ledtrig-cpu: registered to indicate activity on CPUs
[    8.300666] NET: Regd protocol family 10
[    8.600607] Segment Routing with IPv6
[    8.631612] NET: Registered protocol fly 17
[    8.791121] Key type dns_resolver registered
[    8.868257] RAS: Correctable Errors collectnitialized.
[    9.074450] sched_clock: Marking stable (9074399530, 0)->(25353872878, -16279473348)
[    9.091967] registered taskstats version 1
[    9.099262] Loading m-in X.509 certificates
[    9.458504] Loaded X.509 cert 'Build time autogenerated kernel key: e343dd3e31c9820cf0adf0156bc2eecdcfc394af'
[    9.476341] zswap: loaded using pool lzo/zbud
[    9.490292] Key type big_key registered
[    9.497116] Key type trusted registed
[    9.585486] Key type encrypted registered
[    9.635914] AppArmor: AppArmor sha1 policy hashing enabled
[    9.649615] ima: No TPM chip found, activating TPM-bypass! (rc=-19)
[    9.660380] ima: Allocated hash algorithm: sha1
[    9.667096] evm: HMAC attrs: 0x1
[    9.672667]   Magic number: 15:10:922
[    9.678331 rtc_cmos rtc_cmos: setting system clock to 2019-08-21 05:56:44 UTC (1566367004)
[    9.763948] BIOS EDD facility v0.16 2004-Jun-25, 0 devices found
[    9.828632] EDD information not available.
[    9.866639] Freeing unused kernel image memory: 2424K
[    9.904383] Write protecting the kernel read-only data: 20480k
[    9.915056] Freeing unused kernel image memory: 2008K
[    9.926414] Freeing unused kernel image memory: 1864K
[    9.946137] x86/mm: Checked W+X mappings: passed, no W+X pages found.
[   10.046014] x86/mm: Checking user space page tables
[   10.074611] x86/mm: Checked W+X mappings: passed, no W+X pages found.
Loading, please wait...
starting version 237
[   10.269011] e1000: Intel(R) PRO/1000 Network Driver - version 7.3.21-k8-NAPI
[   10.269016] Fusion MPT base driver 3.04.20
[   10.433558] e1000: Copyright (c) 1999-2006 Intel Corporation.
[   10.454563] Copyright (c) 1999-2008 LSI Corporation
[   10.574646] AVX2 version of gcm_enc/dec engaged.
[   10.721290] AES CTR mode by8 optimization enabled
[   10.733895] Fusion MPT SPI Host driver 3.04.20
[   10.743739] input: ImExPS/2 Generic Explorer Mouse as /devices/platform/i8042/serio1/input/input4
[   11.213387] e1000 0000:00:03.0 eth0: (PCI:33MHz:32-bit) 02:cc:50:df:d9:b9
[   11.275305] e1000 0000:00:03.0 eth0: Intel(R) PRO/1000 Network Connection
[   11.341197] mptbase: ioc0: Initiating bringup
[   11.376180] e1000 0000:00:03.0 enp0s3: renamed from eth0
[   11.477364] ioc0: LSI53C1030 A0: Capabilities={Initiator}
[   11.838791] scsi host2: ioc0: LSI53C1030 A0, FwRev=00000000h, Ports=1, MaxQ=256, IRQ=20
[   12.114083] scsi 2:0:0:0: Direct-Access     VBOX     HARDDISK         1.0  PQ: 0 ANSI: 5
[   12.212759] scsi target2:0:0: Beginning Domain Validation
[   12.278585] scsi target2:0:0: Domain Validation skipping write tests
[   12.318829] scsi target2:0:0: Ending Domain Validation
[   12.432505] scsi target2:0:0: asynchronous
[   12.467529] random: fast init done
[   12.513152] scsi 2:0:1:0: Direct-Access     VBOX     HARDDISK         1.0  PQ: 0 ANSI: 5
[   12.629551] scsi target2:0:1: Beginning Domain Validation
[   12.746722] scsi target2:0:1: Domain Validation skipping write tests
[   12.798423] scsi target2:0:1: Ending Domain Validation
[   12.810221] scsi target2:0:1: asynchronous
[   13.009756] random: systemd-udevd: uninitialized urandom read (16 bytes read)
[   13.323808] sd 2:0:0:0: Attached scsi generic sg0 type 0
[   13.471712] random: systemd-udevd: uninitialized urandom read (16 bytes read)
[   13.472090] sd 2:0:1:0: Attached scsi generic sg1 type 0
[   13.631456] random: systemd-udevd: uninitialized urandom read (16 bytes read)
[   13.677376] sd 2:0:1:0: [sdb] 20480 512-byte logical blocks: (10.5 MB/10.0 MiB)
[   13.689175] sd 2:0:0:0: [sda] 20971520 512-byte logical blocks: (10.7 GB/10.0 GiB)
[   13.856387] sd 2:0:0:0: [sda] Write Protect is off
[   13.856544] sd 2:0:1:0: [sdb] Write Protect is off
[   13.937180] sd 2:0:1:0: [sdb] Incomplete mode parameter data
[   13.937252] sd 2:0:0:0: [sda] Incomplete mode parameter data
[   13.972791] sd 2:0:1:0: [sdb] Assuming drive cache: write through
[   14.011824] sd 2:0:1:0: [sdb] Attached SCSI disk
[   14.126271] sd 2:0:0:0: [sda] Assuming drive cache: write through
[   14.225446]  sda: sda1
[   14.253937] sd 2:0:0:0: [sda] Attached SCSI disk
Begin: Loading essential drivers ... [   16.436065] raid6: sse2x1   gen() 10133 MB/s
[   16.560212] raid6: sse2x1   xor()  4079 MB/s
[   16.728710] raid6: sse2x2   gen()  7327 MB/s
[   16.828084] raid6: sse2x2   xor()  4911 MB/s
[   16.980510] raid6: sse2x4   gen()  7208 MB/s
[   17.072114] raid6: sse2x4   xor()  5029 MB/s
[   17.144551] raid6: avx2x1   gen()  9577 MB/s
[   17.320844] raid6: avx2x1   xor()  7138 MB/s
[   17.392650] raid6: avx2x2   gen() 13474 MB/s
[   17.752868] raid6: avx2x2   xor()  7020 MB/s
[   18.085120] raid6: avx2x4   gen() 19065 MB/s
[   18.192729] raid6: avx2x4   xor()  9351 MB/s
[   18.217202] raid6: using algorithm avx2x4 gen() 19065 MB/s
[   18.364695] raid6: .... xor() 9351 MB/s, rmw enabled
[   18.428573] raid6: using avx2x2 recovery algorithm
[   18.468782] xor: automatically using best checksumming function   avx       
[   18.616422] async_tx: api initialized (async)
done.
Begin: Running /scripts/init-premount ... done.
Begin: Mounting root file system ... Begin: Running /scripts/local-top ... done.
Begin: Running /scripts/local-premount ... [   18.755812] Btrfs loaded, crc32c=crc32c-intel
Scanning for Btrfs filesystems
done.
Warning: fsck not present, so skipping root file system
[   19.043891] EXT4-fs (sda1): INFO: recovery required on readonly filesystem
[   19.069972] EXT4-fs (sda1): write access will be enabled during recovery
[   19.461790] EXT4-fs (sda1): orphan cleanup on readonly fs
[   19.479149] EXT4-fs (sda1): 1 orphan inode deleted
[   19.648489] EXT4-fs (sda1): recovery complete
[   19.659090] EXT4-fs (sda1): mounted filesystem with ordered data mode. Opts: (null)
done.
Begin: Running /scripts/local-bottom ... done.
Begin: Running /scripts/init-bottom ... done.
[   20.501559] random: crng init done
[   20.513606] random: 7 urandom warning(s) missed due to ratelimiting
[   23.015388] ip_tables: (C) 2000-2006 Netfilter Core Team
[   23.371244] systemd[1]: systemd 237 running in system mode. (+PAM +AUDIT +SELINUX +IMA +APPARMOR +SMACK +SYSVINIT +UTMP +LIBCRYPTSETUP +GCRYPT +GNUTLS +ACL +XZ +LZ4 +SECCOMP +BLKID +ELFUTILS +KMOD -IDN2 +IDN -PCRE2 default-hierarchy=hybrid)
[   23.640498] systemd[1]: Detected virtualization oracle.
[   23.801146] systemd[1]: Detected architecture x86-64.

Welcome to [1mUbuntu 18.04.3 LTS[0m!

[   23.874001] systemd[1]: Set hostname to <ubuntu-bionic>.
[   29.760639] systemd[1]: Created slice System Slice.
[[0;32m  OK  [0m] Created slice System Slice.
[   29.923755] systemd[1]: Reached target System Time Synchronized.
[[0;32m  OK  [0m] Reached target System Time Synchronized.
[   30.334862] systemd[1]: Created slice system-serial\x2dgetty.slice.
[[0;32m  OK  [0m] Created slice system-serial\x2dgetty.slice.
[   30.386725] systemd[1]: Listening on Journal Socket.
[[0;32m  OK  [0m] Listening on Journal Socket.
[   30.556806] systemd[1]: Starting Create list of required static device nodes for the current kernel...
         Starting Create list of required stâ€¦ce nodes for the current kernel...
[   30.644272] systemd[1]: Listening on udev Control Socket.
[[0;32m  OK  [0m] Listening on udev Control Socket.
[   30.692927] systemd[1]: Mounting Kernel Debug File System...
         Mounting Kernel Debug File System...
[   30.920487] systemd[1]: Started Forward Password Requests to Wall Directory Watch.
[[0;32m  OK  [0m] Started Forward Password Requests to Wall Directory Watch.
[   30.984888] systemd[1]: Listening on Journal Socket (/dev/log).
[[0;32m  OK  [0m] Listening on Journal Socket (/dev/log).
[   31.189183] systemd[1]: Listening on Device-mapper event daemon FIFOs.
[[0;32m  OK  [0m] Listening on Device-mapper event daemon FIFOs.
[[0;32m  OK  [0m] Listening on Network Service Netlink Socket.
[[0;32m  OK  [0m] Set up automount Arbitrary Executabâ€¦rmats File System Automount Point.
[[0;32m  OK  [0m] Listening on Syslog Socket.
[[0;32m  OK  [0m] Listening on udev Kernel Socket.
         Starting udev Coldplug all Devices...
[[0;32m  OK  [0m] Listening on /dev/initctl Compatibility Named Pipe.
         arting Remount[   31.605089] EXT4-fs (sda1): re-mounted. Opts: (null)
 Root and Kernel File Systems...
[[0;32m  OK  [0m] Listening on Journal Audit Socket.
         Starting Journal Service...
         Starting Uncomplicated firewall...
         Mounting Huge Pages File System...
[[0;32m  OK  [0m] Listening on LVM2 poll daemon socket.
[[0;32m  OK  [0m] Reached target Swap.
         Mounting POSIX Message Queue File System...
         Starting Set the console keyboard layout...
[[0;32m  OK  [0m] Listening on LVM2 metadata daemon socket.
         Starting Monitoring of LVM2 mirrorsâ€¦ng dmeventd or progress polling...
[[0;32m  OK  [0m] Created slice User and Session Slice.
[[0;32m  OK  [0m] Reached target Slices.
         Starting Load Kernel Modules...
[[0;32m  OK  [0m] Reached target User and Group Name Lookups.
[[0;32m  OK  [0m] Started Journal Service.
[[0;32m  OK  [0m] Started Create list of required staâ€¦vice nodes for the current kernel.
[[0;32m  OK  [0m] Mounted Kernel Debug File System.
[[0;32m  OK  [0m] Started Remount Root and Kernel File Systems.
[[0;32m  OK  [0m] Started Uncomplicated firewall.
[[0;32m  OK  [0m] Mounted Huge Pages File System.
[[0;32m  OK  [0m] Mounted POSIX Message Queue File System.
[[0;32m  OK  [0m] Started udev Coldplug all Devices.
         Starting Load/Save Random Seed...
[   33.649625] Loading iSCSI transport class v2.0-870.
         Starting Create Static Device Nodes in /dev...
         Starting Flush Journal to Persistent Storage...
[   34.068443] iscsi: registered transport (tcp)
[[0;32m  OK  [0m] Started LVM2 metadata daemon.
[[0;32m  OK  [0m] Started Load/Save Random Seed.
[   34.660265] systemd-journald[392]: Received request to flush runtime journal from PID 1
[[0;32m  OK  [0m] Started Monitoring of LVM2 mirrors,â€¦sing dmeventd or progress polling.
[   35.713707] iscsi: registered transport (iser)
[[0;32m  OK  [0m] Started Load Kernel Modules.
         Starting Apply Kernel Variables...
         Mounting Kernel Configuration File System...
         Mounting FUSE Control File System...
[[0;32m  OK  [0m] Started Create Static Device Nodes in /dev.
[[0;32m  OK  [0m] Mounted Kernel Configuration File System.
[[0;32m  OK  [0m] Mounted FUSE Control File System.
         Starting udev Kernel Device Manager...
[   36.324695] systemd-journald[392]: File /var/log/journal/73c9aaabe3bc44589fb3846bb09d18c5/system.journal corrupted or uncleanly shut down, renaming and replacing.
[[0;32m  OK  [0m] Started udev Kernel Device Manager.
[[0;32m  OK  [0m] Started Apply Kernel Variables.
[[0;32m  OK  [0m] Started Flush Journal to Persistent Storage.
[[0;32m  OK  [0m] Found device /dev/ttyS0.
[[0;32m  OK  [0m] Listening on Load/Save RF Kill Switch Status /dev/rfkill Watch.
[[0;32m  OK  [0m] Started Set the console keyboard layout.
[[0;32m  OK  [0m] Reached target Local File Systems (Pre).
[[0;32m  OK  [0m] Reached target Local File Systems.
         Starting ebtables ruleset management...
         Starting Tell Plymouth To Write Out Runtime Data...
         Starting Set console font and keymap...
         Starting AppArmor initialization...
         Starting Create Volatile Files and Directories...
[[0;32m  OK  [0m] Started Dispatch Password Requests to Console Directory Watch.
[[0;32m  OK  [0m] Reached target Local Encrypted Volumes.
[[0;32m  OK  [0m] Started Tell Plymouth To Write Out Runtime Data.
[[0;32m  OK  [0m] Started Set console font and keymap.
[[0;32m  OK  [0m] Started Create Volatile Files and Directories.
         Starting Update UTMP about System Boot/Shutdown...
[[0;32m  OK  [0m] Started Update UTMP about System Boot/Shutdown.
[[0;32m  OK  [0m] Started ebtables ruleset management.
[[0;32m  OK  [0m] Started AppArmor initialization.
         Starting Initial cloud-init job (pre-networking)...
[   64.642388] cloud-init[612]: Cloud-init v. 19.1-1-gbaa47854-0ubuntu1~18.04.1 running 'init-local' at Wed, 21 Aug 2019 05:57:37 +0000. Up 63.13 seconds.
[[0;32m  OK  [0m] Started Initial cloud-init job (pre-networking).
[[0;32m  OK  [0m] Reached target Network (Pre).
         Starting Network Service...
[[0;32m  OK  [0m] Started Network Service.
         Starting Wait for Network to be Configured...
         Starting Network Name Resolution...
[[0;32m  OK  [0m] Started Network Name Resolution.
[[0;32m  OK  [0m] Reached target Host and Network Name Lookups.
[[0;32m  OK  [0m] Reached target Network.
[[0;32m  OK  [0m] Started Wait for Network to be Configured.
         Starting Initial cloud-init job (metadata service crawler)...
[   69.800480] cloud-init[746]: Cloud-init v. 19.1-1-gbaa47854-0ubuntu1~18.04.1 running 'init' at Wed, 21 Aug 2019 05:57:43 +0000. Up 68.54 seconds.
[   71.432771] cloud-init[746]: ci-info: ++++++++++++++++++++++++++++++++++++++Net device info++++++++++++++++++++++++++++++++++++++
[   72.612653] cloud-init[746]: ci-info: +--------+------+----------------------------+---------------+--------+-------------------+
[   74.417855] cloud-init[746]: ci-info: | Device |  Up  |          Address           |      Mask     | Scope  |     Hw-Address    |
[   75.000773] cloud-init[746]: ci-info: +--------+------+----------------------------+---------------+--------+-------------------+
[   75.750364] cloud-init[746]: ci-info: | enp0s3 | True |         10.0.2.15          | 255.255.255.0 | global | 02:cc:50:df:d9:b9 |
[   76.113165] cloud-init[746]: ci-info: | enp0s3 | True | fe80::cc:50ff:fedf:d9b9/64 |       .       |  link  | 02:cc:50:df:d9:b9 |
[   76.557492] cloud-init[746]: ci-info: |   lo   | True |         127.0.0.1          |   255.0.0.0   |  host  |         .         |
[   76.764845] cloud-init[746]: ci-info: |   lo   | True |          ::1/128           |       .       |  host  |         .         |
[   77.336920] cloud-init[746]: ci-info: +--------+------+----------------------------+---------------+--------+-------------------+
[   77.450482] cloud-init[746]: ci-info: ++++++++++++++++++++++++++++Route IPv4 info+++++++++++++++++++++++++++++
[   77.465299] cloud-init[746]: ci-info: +-------+-------------+----------+-----------------+-----------+-------+
[   77.513051] cloud-init[746]: ci-info: | Route | Destination | Gateway  |     Genmask     | Interface | Flags |
[   77.592822] cloud-init[746]: ci-info: +-------+-------------+----------+-----------------+-----------+-------+
[   77.900593] cloud-init[746]: ci-info: |   0   |   0.0.0.0   | 10.0.2.2 |     0.0.0.0     |   enp0s3  |   UG  |
[   78.184270] cloud-init[746]: ci-info: |   1   |   10.0.2.0  | 0.0.0.0  |  255.255.255.0  |   enp0s3  |   U   |
[[0;32m  OK  [0m] Started Initial cloud-init job (metadata service crawler).
[   79.358351] cloud-init[746]: ci-info: |   2   |   10.0.2.2  | 0.0.0.0  | 255.255.255.255 |   enp0s3  |   UH  |
[   80.411207] cloud-init[746]: ci-info: +-------+-------------+----------+-----------------+-----------+-------+
[   80.712990] cloud-init[746]: ci-info: +++++++++++++++++++Route IPv6 info+++++++++++++++++++
[   80.880335] cloud-init[746]: ci-info: +-------+-------------+---------+-----------+-------+
[[0;32m  OK  [0m] Reached target Network is Online.
[   81.140257] cloud-init[746]: ci-info: | Route | Destination | Gateway | Interface | Flags |
         Starting Availability of block devices...
[[0;32m  OK  [0m] Reached target Remote File Systems (Pre).
[[0;32m  OK  [0m] Reached target Remote File Systems.
[[0;32m  OK  [0m] Reached target Cloud-config availability.
[[0;32m  OK  [0m] Reached target System Initialization.
[   81.631750] cloud-init[746]: ci-info: +-------+-------------+---------+-----------+-------+
         Starting Socket activation for snappy daemon.
[   82.885228] cloud-init[746]: ci-info: |   1   |  fe80::/64  |    ::   |   enp0s3  |   U   |
[[0;32m  OK  [0m] Started Daily apt upgrade and clean activities.
[   83.294058] [cloud-init[0;32m  OK  [0m[746]: ] ci-info: |   3   |    local    |    ::   |   enp0s3  |   U   |Started Daily Cleanup of Temporary Directories.

[[0;32m  OK  [0m] Listening on D-Bus System Message Bus Socket.
[   83.893344] cloud-init[746]: ci-info: |   4   |   ff00::/8  |    ::   |   enp0s3  |   U   |
[[0;32m  OK  [0m] Started Discard unused blocks once a week.
[   84.660861] [cloud-init[0;32m  OK  [0m[746]: ] ci-info: +-------+-------------+---------+-----------+-------+Listening on Open-iSCSI iscsid Socket.

         Starting LXD - unix socket.
[[0;32m  OK  [0m] Started ACPI Events Check.
[[0;32m  OK  [0m] Reached target Paths.
[[0;32m  OK  [0m] Started Message of the Day.
[[0;32m  OK  [0m] Reached target Timers.
[[0;32m  OK  [0m] Listening on UUID daemon activation socket.
[[0;32m  OK  [0m] Listening on ACPID Listen Socket.
[[0;32m  OK  [0m] Started Availability of block devices.
[[0;32m  OK  [0m] Listening on Socket activation for snappy daemon.
[[0;32m  OK  [0m] Listening on LXD - unix socket.
[[0;32m  OK  [0m] Reached target Sockets.
[[0;32m  OK  [0m] Reached target Basic System.
         Starting LXD - container startup/shutdown...
         Starting Login Service...
[[0;32m  OK  [0m] Started D-Bus System Message Bus.
         Starting Permit User Sessions...
         Starting Message of the Day...
         Starting Dispatcher daemon for systemd-networkd...
[[0;32m  OK  [0m] Started Regular background program processing daemon.
         Starting System Logging Service...
         Starting Accounts Service...
         Starting LSB: automatic crash report generation...
[[0;32m  OK  [0m] Started FUSE filesystem for LXC.
         Starting OpenBSD Secure Shell server...
         Starting LSB: Record successful boot for GRUB...
         Starting Virtualbox guest utils...
[[0;32m  OK  [0m] Started irqbalance daemon.
[[0;32m  OK  [0m] Started Deferred execution scheduler.
         Starting Snappy daemon...
[[0;32m  OK  [0m] Started Permit User Sessions.
[[0;32m  OK  [0m] Started Login Service.
[[0;32m  OK  [0m] Started Unattended Upgrades Shutdown.
         Starting Hold until boot process finishes up...
         Starting Terminate Plymouth Boot Screen...
[[0;32m  OK  [0m] Started Hold until boot process finishes up.
[[0;32m  OK  [0m] Started Terminate Plymouth Boot Screen.
         Starting Set console scheme...
[[0;32m  OK  [0m] Started Serial Getty on ttyS0.
[[0;32m  OK  [0m] Started Set console scheme.
[[0;32m  OK  [0m] Created slice system-getty.slice.
[[0;32m  OK  [0m] Started Getty on tty1.
[[0;32m  OK  [0m] Reached target Login Prompts.

Ubuntu 18.04.3 LTS ubuntu-bionic ttyS0

ubuntu-bionic login: [  129.277309] cloud-init[1471]: Cloud-init v. 19.1-1-gbaa47854-0ubuntu1~18.04.1 running 'modules:config' at Wed, 21 Aug 2019 05:58:42 +0000. Up 127.77 seconds.
[  136.470903] cloud-init[1560]: Cloud-init v. 19.1-1-gbaa47854-0ubuntu1~18.04.1 running 'modules:final' at Wed, 21 Aug 2019 05:58:45 +0000. Up 130.43 seconds.
[  136.471271] cloud-init[1560]: Cloud-init v. 19.1-1-gbaa47854-0ubuntu1~18.04.1 finished at Wed, 21 Aug 2019 05:58:51 +0000. Datasource DataSourceNoCloud [seed=/dev/sdb][dsmode=net].  Up 136.45 seconds
